

ğŸŒ³ 5 packages you are using with a Treeware licence
ğŸŒ³ use the `composer treeware` command to find out more!
