

ğŸŒ³ Treeware licence of tester/toolbox - Cool stuff in a box
ğŸŒ³ -------------------------------------------------------------------------
ğŸŒ³ The author of this open-source software cares about the climate crisis.
ğŸŒ³ Using the software in a commercial project requires a donation:
ğŸŒ³ â¤‘ 100 trees â‰ˆ $17 (useful)
ğŸŒ³ â¤‘ 250 trees â‰ˆ $42 (important)
ğŸŒ³ â¤‘ 500 trees â‰ˆ $84 (critical)
ğŸŒ³ Donate using this link: https://plant.treeware.earth/tester/toolbox

