ðŸŒ³ tester/hot-toolbox
   100 trees â‰ˆ $17 (useful)
   250 trees â‰ˆ $42 (important)
   500 trees â‰ˆ $84 (critical)
â¤‘ Donate: https://plant.treeware.earth/tester/hot-toolbox
â¤‘ No trees donated so far ðŸ˜¢

ðŸŒ³ tester/cool-toolbox
   100 trees â‰ˆ $17 (useful)
   250 trees â‰ˆ $42 (important)
   500 trees â‰ˆ $84 (critical)
â¤‘ Donate: https://plant.treeware.earth/tester/cool-toolbox
â¤‘ Tree count: 500

